2026-01-03T09:06:45.062771Z 0 [Warning] [MY-010097] [Server] Insecure configuration for --secure-file-priv: Current value does not restrict location of generated files. Consider setting it to a valid, non-empty path.
2026-01-03T09:06:45.062828Z 0 [Warning] [MY-010918] [Server] 'default_authentication_plugin' is deprecated and will be removed in a future release. Please use authentication_policy instead.
2026-01-03T09:06:45.062870Z 0 [System] [MY-010116] [Server] C:\laragon\bin\mysql\mysql-8.0.30-winx64\bin\mysqld (mysqld 8.0.30) starting as process 24016
2026-01-03T09:06:45.097541Z 1 [System] [MY-013576] [InnoDB] InnoDB initialization has started.
2026-01-03T09:06:45.389158Z 1 [System] [MY-013577] [InnoDB] InnoDB initialization has ended.
2026-01-03T09:06:45.717378Z 0 [Warning] [MY-013829] [Server] Missing data directory for ICU regular expressions: C:\laragon\bin\mysql\mysql-8.0.30-winx64\lib\private\.
2026-01-03T09:06:45.721859Z 0 [Warning] [MY-010068] [Server] CA certificate ca.pem is self signed.
2026-01-03T09:06:45.722329Z 0 [System] [MY-013602] [Server] Channel mysql_main configured to support TLS. Encrypted connections are now supported for this channel.
2026-01-03T09:06:45.765470Z 0 [System] [MY-011323] [Server] X Plugin ready for connections. Bind-address: '::' port: 33060
2026-01-03T09:06:45.765565Z 0 [System] [MY-010931] [Server] C:\laragon\bin\mysql\mysql-8.0.30-winx64\bin\mysqld: ready for connections. Version: '8.0.30'  socket: ''  port: 3306  MySQL Community Server - GPL.
2026-01-03T10:46:42.881709Z 164 [System] [MY-013172] [Server] Received SHUTDOWN from user root. Shutting down mysqld (Version: 8.0.30).
2026-01-03T10:46:42.885873Z 0 [System] [MY-013105] [Server] C:\laragon\bin\mysql\mysql-8.0.30-winx64\bin\mysqld: Normal shutdown.
2026-01-03T10:46:43.508933Z 0 [System] [MY-010910] [Server] C:\laragon\bin\mysql\mysql-8.0.30-winx64\bin\mysqld: Shutdown complete (mysqld 8.0.30)  MySQL Community Server - GPL.
2026-01-03T13:34:04.158536Z 0 [Warning] [MY-010097] [Server] Insecure configuration for --secure-file-priv: Current value does not restrict location of generated files. Consider setting it to a valid, non-empty path.
2026-01-03T13:34:04.160221Z 0 [Warning] [MY-010918] [Server] 'default_authentication_plugin' is deprecated and will be removed in a future release. Please use authentication_policy instead.
2026-01-03T13:34:04.160277Z 0 [System] [MY-010116] [Server] C:\laragon\bin\mysql\mysql-8.0.30-winx64\bin\mysqld (mysqld 8.0.30) starting as process 19440
2026-01-03T13:34:04.312319Z 1 [System] [MY-013576] [InnoDB] InnoDB initialization has started.
2026-01-03T13:34:04.828842Z 1 [System] [MY-013577] [InnoDB] InnoDB initialization has ended.
2026-01-03T13:34:05.306407Z 0 [Warning] [MY-013829] [Server] Missing data directory for ICU regular expressions: C:\laragon\bin\mysql\mysql-8.0.30-winx64\lib\private\.
2026-01-03T13:34:05.358209Z 0 [Warning] [MY-010068] [Server] CA certificate ca.pem is self signed.
2026-01-03T13:34:05.359003Z 0 [System] [MY-013602] [Server] Channel mysql_main configured to support TLS. Encrypted connections are now supported for this channel.
2026-01-03T13:34:05.573163Z 0 [System] [MY-011323] [Server] X Plugin ready for connections. Bind-address: '::' port: 33060
2026-01-03T13:34:05.573256Z 0 [System] [MY-010931] [Server] C:\laragon\bin\mysql\mysql-8.0.30-winx64\bin\mysqld: ready for connections. Version: '8.0.30'  socket: ''  port: 3306  MySQL Community Server - GPL.
